[SYSTEM] Loading execution plan from current_experiment_mapping.json...

--- PHASE 1: Running Baseline (Indexed RLS) ---
b"\nDO $$\nDECLARE\n    r RECORD;\n    drop_statement TEXT;\nBEGIN\n    FOR r IN (\n        SELECT \n            n.nspname AS schemaname, \n            c_ind.relname AS indexname,\n            format('DROP INDEX %I.%I;', n.nspname, c_ind.relname) AS drop_cmd\n        FROM \n            pg_index ind\n        JOIN \n            pg_class c_ind ON c_ind.oid = ind.indexrelid\n        JOIN \n            pg_namespace n ON n.oid = c_ind.relnamespace\n        LEFT JOIN \n            pg_constraint cons ON cons.conindid = ind.indexrelid\n        WHERE \n            n.nspname = 'public' \n            AND cons.oid IS NULL \n    )\n    LOOP\n        RAISE INFO '%', r.drop_cmd; \n        EXECUTE r.drop_cmd;\n    END LOOP;\nEND $$;\n"
  -> Building policy index on lineitem for column: (l_orderkey)
b'CREATE INDEX "idx_lineitem_l_orderkey_policy_cov" ON "lineitem" ("l_orderkey");'
  -> Building policy index on orders for column: (o_orderkey)
b'CREATE INDEX "idx_orders_o_orderkey_policy_cov" ON "orders" ("o_orderkey");'
  -> Building policy index on lineitem for column: (l_discount)
b'CREATE INDEX "idx_lineitem_l_discount_policy_cov" ON "lineitem" ("l_discount");'
  -> Building policy index on lineitem for column: (l_extendedprice)
b'CREATE INDEX "idx_lineitem_l_extendedprice_policy_cov" ON "lineitem" ("l_extendedprice");'
  -> Building policy index on supplier for column: (s_nationkey)
b'CREATE INDEX "idx_supplier_s_nationkey_policy_cov" ON "supplier" ("s_nationkey");'
  -> Building policy index on lineitem for column: (l_suppkey)
b'CREATE INDEX "idx_lineitem_l_suppkey_policy_cov" ON "lineitem" ("l_suppkey");'
  -> Building policy index on nation for column: (n_nationkey)
b'CREATE INDEX "idx_nation_n_nationkey_policy_cov" ON "nation" ("n_nationkey");'
  -> Building policy index on customer for column: (c_nationkey)
b'CREATE INDEX "idx_customer_c_nationkey_policy_cov" ON "customer" ("c_nationkey");'
  -> Building policy index on orders for column: (o_custkey)
b'CREATE INDEX "idx_orders_o_custkey_policy_cov" ON "orders" ("o_custkey");'
  -> Building policy index on customer for column: (c_custkey)
b'CREATE INDEX "idx_customer_c_custkey_policy_cov" ON "customer" ("c_custkey");'
  -> Building policy index on nation for column: (n_regionkey)
b'CREATE INDEX "idx_nation_n_regionkey_policy_cov" ON "nation" ("n_regionkey");'
  -> Building policy index on supplier for column: (s_suppkey)
b'CREATE INDEX "idx_supplier_s_suppkey_policy_cov" ON "supplier" ("s_suppkey");'
  -> Building policy index on part for column: (p_partkey)
b'CREATE INDEX "idx_part_p_partkey_policy_cov" ON "part" ("p_partkey");'
  -> Building policy index on lineitem for column: (l_quantity)
b'CREATE INDEX "idx_lineitem_l_quantity_policy_cov" ON "lineitem" ("l_quantity");'
  -> Building policy index on lineitem for column: (l_partkey)
b'CREATE INDEX "idx_lineitem_l_partkey_policy_cov" ON "lineitem" ("l_partkey");'
  -> Building policy index on part for column: (p_retailprice)
b'CREATE INDEX "idx_part_p_retailprice_policy_cov" ON "part" ("p_retailprice");'
  -> Building policy index on partsupp for column: (ps_suppkey)
b'CREATE INDEX "idx_partsupp_ps_suppkey_policy_cov" ON "partsupp" ("ps_suppkey");'
  -> Building policy index on partsupp for column: (ps_partkey)
b'CREATE INDEX "idx_partsupp_ps_partkey_policy_cov" ON "partsupp" ("ps_partkey");'
  -> Building PK index on region: (r_regionkey)
b'CREATE INDEX "idx_region_pk" ON "region" ("r_regionkey");'
  -> Skipping PK index on nation: all PK cols already indexed
  -> Skipping PK index on part: all PK cols already indexed
  -> Skipping PK index on supplier: all PK cols already indexed
  -> Skipping PK index on partsupp: all PK cols already indexed
  -> Skipping PK index on customer: all PK cols already indexed
  -> Skipping PK index on orders: all PK cols already indexed
  -> Building PK index on lineitem: (l_orderkey, l_linenumber)
b'CREATE INDEX "idx_lineitem_pk" ON "lineitem" ("l_orderkey", "l_linenumber");'
  -> Building FK index on nation: (n_regionkey)
b'CREATE INDEX idx_nation_fk_n_regionkey ON nation (n_regionkey);'
  -> Building FK index on supplier: (s_nationkey)
b'CREATE INDEX idx_supplier_fk_s_nationkey ON supplier (s_nationkey);'
  -> Building FK index on customer: (c_nationkey)
b'CREATE INDEX idx_customer_fk_c_nationkey ON customer (c_nationkey);'
  -> Building FK index on partsupp: (ps_partkey)
b'CREATE INDEX idx_partsupp_fk_ps_partkey ON partsupp (ps_partkey);'
  -> Building FK index on partsupp: (ps_suppkey)
b'CREATE INDEX idx_partsupp_fk_ps_suppkey ON partsupp (ps_suppkey);'
  -> Building FK index on orders: (o_custkey)
b'CREATE INDEX idx_orders_fk_o_custkey ON orders (o_custkey);'
  -> Building FK index on lineitem: (l_orderkey)
b'CREATE INDEX idx_lineitem_fk_l_orderkey ON lineitem (l_orderkey);'
  -> Building FK index on lineitem: (l_partkey, l_suppkey)
b'CREATE INDEX idx_lineitem_fk_l_partkey_l_suppkey ON lineitem (l_partkey, l_suppkey);'
  -> [LOG] Securing orders
     |-- Logical Filter: ( SELECT SUM(l.l_extendedprice * (1 - l.l_discount)) FROM lineitem l WHERE l.l_orderkey = o.o_orderkey ) > 100000
     |-- Applied Policy: USING (o_orderkey IN (SELECT o_orderkey FROM rls_bypass_view_orders))
  -> [LOG] Securing customer
     |-- Logical Filter: EXISTS (
    SELECT 1
    FROM orders o
    JOIN lineitem l 
         ON l.l_orderkey = o.o_orderkey
    JOIN supplier s 
         ON s.s_suppkey = l.l_suppkey
    JOIN nation ns 
         ON ns.n_nationkey = s.s_nationkey
    JOIN nation nc 
         ON nc.n_nationkey = c.c_nationkey
    WHERE o.o_custkey = c.c_custkey
      AND ns.n_regionkey = nc.n_regionkey
      AND ns.n_nationkey <> nc.n_nationkey
)
     |-- Applied Policy: USING (c_custkey IN (SELECT c_custkey FROM rls_bypass_view_customer))
  -> [LOG] Securing lineitem
     |-- Logical Filter: (
    SELECT SUM(lx.l_extendedprice * (1 - lx.l_discount))
    FROM lineitem lx
    JOIN supplier sx ON sx.s_suppkey = lx.l_suppkey
    WHERE sx.s_nationkey = n.n_nationkey
)
>
(
    SELECT SUM(ly.l_extendedprice * (1 - ly.l_discount))
    FROM lineitem ly
    JOIN orders oy ON oy.o_orderkey = ly.l_orderkey
    JOIN customer cy ON cy.c_custkey = oy.o_custkey
    WHERE cy.c_nationkey = n.n_nationkey
)
     |-- Applied Policy: USING ((l_orderkey, l_linenumber) IN (SELECT l_orderkey, l_linenumber FROM rls_bypass_view_lineitem))
  -> [LOG] Securing part
     |-- Logical Filter: NOT EXISTS (
    SELECT 1
    FROM lineitem l
    WHERE l.l_partkey = p.p_partkey
      AND l.l_quantity > 200
)
     |-- Applied Policy: USING (p_partkey IN (SELECT p_partkey FROM rls_bypass_view_part))
  -> [LOG] Securing supplier
     |-- Logical Filter: NOT EXISTS (
    SELECT 1
    FROM partsupp ps
    JOIN part p ON p.p_partkey = ps.ps_partkey
    WHERE ps.ps_suppkey = s.s_suppkey
      AND p.p_retailprice < 500
)
     |-- Applied Policy: USING (s_suppkey IN (SELECT s_suppkey FROM rls_bypass_view_supplier))
  -> [DEBUG] Firing Q1. Active Predicates:
       |-- lineitem: (     SELECT SUM(lx.l_extendedprice * (1 - lx.l_discount))     FROM lineitem lx     JOIN supplier sx ON sx.s_suppkey = lx.l_suppkey     WHERE sx.s_nationkey = n.n_nationkey ) > (     SELECT SUM(ly.l_extendedprice * (1 - ly.l_discount))     FROM lineitem ly     JOIN orders oy ON oy.o_orderkey = ly.l_orderkey     JOIN customer cy ON cy.c_custkey = oy.o_custkey     WHERE cy.c_nationkey = n.n_nationkey )
  [Q1] Indexed RLS Baseline: 37.1491s

  -> [DEBUG] Firing Q2. Active Predicates:
       |-- supplier: NOT EXISTS (     SELECT 1     FROM partsupp ps     JOIN part p ON p.p_partkey = ps.ps_partkey     WHERE ps.ps_suppkey = s.s_suppkey       AND p.p_retailprice < 500 )
       |-- part: NOT EXISTS (     SELECT 1     FROM lineitem l     WHERE l.l_partkey = p.p_partkey       AND l.l_quantity > 200 )
  [Q2] Indexed RLS Baseline: 7.4132s

  -> [DEBUG] Firing Q3. Active Predicates:
       |-- orders: ( SELECT SUM(l.l_extendedprice * (1 - l.l_discount)) FROM lineitem l WHERE l.l_orderkey = o.o_orderkey ) > 100000
       |-- customer: EXISTS (     SELECT 1     FROM orders o     JOIN lineitem l           ON l.l_orderkey = o.o_orderkey     JOIN supplier s           ON s.s_suppkey = l.l_suppkey     JOIN nation ns           ON ns.n_nationkey = s.s_nationkey     JOIN nation nc           ON nc.n_nationkey = c.c_nationkey     WHERE o.o_custkey = c.c_custkey       AND ns.n_regionkey = nc.n_regionkey       AND ns.n_nationkey <> nc.n_nationkey )
       |-- lineitem: (     SELECT SUM(lx.l_extendedprice * (1 - lx.l_discount))     FROM lineitem lx     JOIN supplier sx ON sx.s_suppkey = lx.l_suppkey     WHERE sx.s_nationkey = n.n_nationkey ) > (     SELECT SUM(ly.l_extendedprice * (1 - ly.l_discount))     FROM lineitem ly     JOIN orders oy ON oy.o_orderkey = ly.l_orderkey     JOIN customer cy ON cy.c_custkey = oy.o_custkey     WHERE cy.c_nationkey = n.n_nationkey )
  [Q3] Indexed RLS Baseline: 49.9007s

  -> [DEBUG] Firing Q4. Active Predicates:
       |-- orders: ( SELECT SUM(l.l_extendedprice * (1 - l.l_discount)) FROM lineitem l WHERE l.l_orderkey = o.o_orderkey ) > 100000
       |-- lineitem: (     SELECT SUM(lx.l_extendedprice * (1 - lx.l_discount))     FROM lineitem lx     JOIN supplier sx ON sx.s_suppkey = lx.l_suppkey     WHERE sx.s_nationkey = n.n_nationkey ) > (     SELECT SUM(ly.l_extendedprice * (1 - ly.l_discount))     FROM lineitem ly     JOIN orders oy ON oy.o_orderkey = ly.l_orderkey     JOIN customer cy ON cy.c_custkey = oy.o_custkey     WHERE cy.c_nationkey = n.n_nationkey )
  [Q4] Indexed RLS Baseline: 42.1859s

  -> [DEBUG] Firing Q5. Active Predicates:
       |-- customer: EXISTS (     SELECT 1     FROM orders o     JOIN lineitem l           ON l.l_orderkey = o.o_orderkey     JOIN supplier s           ON s.s_suppkey = l.l_suppkey     JOIN nation ns           ON ns.n_nationkey = s.s_nationkey     JOIN nation nc           ON nc.n_nationkey = c.c_nationkey     WHERE o.o_custkey = c.c_custkey       AND ns.n_regionkey = nc.n_regionkey       AND ns.n_nationkey <> nc.n_nationkey )
       |-- supplier: NOT EXISTS (     SELECT 1     FROM partsupp ps     JOIN part p ON p.p_partkey = ps.ps_partkey     WHERE ps.ps_suppkey = s.s_suppkey       AND p.p_retailprice < 500 )
       |-- lineitem: (     SELECT SUM(lx.l_extendedprice * (1 - lx.l_discount))     FROM lineitem lx     JOIN supplier sx ON sx.s_suppkey = lx.l_suppkey     WHERE sx.s_nationkey = n.n_nationkey ) > (     SELECT SUM(ly.l_extendedprice * (1 - ly.l_discount))     FROM lineitem ly     JOIN orders oy ON oy.o_orderkey = ly.l_orderkey     JOIN customer cy ON cy.c_custkey = oy.o_custkey     WHERE cy.c_nationkey = n.n_nationkey )
       |-- orders: ( SELECT SUM(l.l_extendedprice * (1 - l.l_discount)) FROM lineitem l WHERE l.l_orderkey = o.o_orderkey ) > 100000
  [Q5] Indexed RLS Baseline: 51.6201s

  -> [DEBUG] Firing Q6. Active Predicates:
       |-- lineitem: (     SELECT SUM(lx.l_extendedprice * (1 - lx.l_discount))     FROM lineitem lx     JOIN supplier sx ON sx.s_suppkey = lx.l_suppkey     WHERE sx.s_nationkey = n.n_nationkey ) > (     SELECT SUM(ly.l_extendedprice * (1 - ly.l_discount))     FROM lineitem ly     JOIN orders oy ON oy.o_orderkey = ly.l_orderkey     JOIN customer cy ON cy.c_custkey = oy.o_custkey     WHERE cy.c_nationkey = n.n_nationkey )
  [Q6] Indexed RLS Baseline: 35.0352s

  -> [DEBUG] Firing Q7. Active Predicates:
       |-- customer: EXISTS (     SELECT 1     FROM orders o     JOIN lineitem l           ON l.l_orderkey = o.o_orderkey     JOIN supplier s           ON s.s_suppkey = l.l_suppkey     JOIN nation ns           ON ns.n_nationkey = s.s_nationkey     JOIN nation nc           ON nc.n_nationkey = c.c_nationkey     WHERE o.o_custkey = c.c_custkey       AND ns.n_regionkey = nc.n_regionkey       AND ns.n_nationkey <> nc.n_nationkey )
       |-- supplier: NOT EXISTS (     SELECT 1     FROM partsupp ps     JOIN part p ON p.p_partkey = ps.ps_partkey     WHERE ps.ps_suppkey = s.s_suppkey       AND p.p_retailprice < 500 )
       |-- lineitem: (     SELECT SUM(lx.l_extendedprice * (1 - lx.l_discount))     FROM lineitem lx     JOIN supplier sx ON sx.s_suppkey = lx.l_suppkey     WHERE sx.s_nationkey = n.n_nationkey ) > (     SELECT SUM(ly.l_extendedprice * (1 - ly.l_discount))     FROM lineitem ly     JOIN orders oy ON oy.o_orderkey = ly.l_orderkey     JOIN customer cy ON cy.c_custkey = oy.o_custkey     WHERE cy.c_nationkey = n.n_nationkey )
       |-- orders: ( SELECT SUM(l.l_extendedprice * (1 - l.l_discount)) FROM lineitem l WHERE l.l_orderkey = o.o_orderkey ) > 100000
  [Q7] Indexed RLS Baseline: 50.1422s

  -> [DEBUG] Firing Q8. Active Predicates:
       |-- customer: EXISTS (     SELECT 1     FROM orders o     JOIN lineitem l           ON l.l_orderkey = o.o_orderkey     JOIN supplier s           ON s.s_suppkey = l.l_suppkey     JOIN nation ns           ON ns.n_nationkey = s.s_nationkey     JOIN nation nc           ON nc.n_nationkey = c.c_nationkey     WHERE o.o_custkey = c.c_custkey       AND ns.n_regionkey = nc.n_regionkey       AND ns.n_nationkey <> nc.n_nationkey )
       |-- supplier: NOT EXISTS (     SELECT 1     FROM partsupp ps     JOIN part p ON p.p_partkey = ps.ps_partkey     WHERE ps.ps_suppkey = s.s_suppkey       AND p.p_retailprice < 500 )
       |-- lineitem: (     SELECT SUM(lx.l_extendedprice * (1 - lx.l_discount))     FROM lineitem lx     JOIN supplier sx ON sx.s_suppkey = lx.l_suppkey     WHERE sx.s_nationkey = n.n_nationkey ) > (     SELECT SUM(ly.l_extendedprice * (1 - ly.l_discount))     FROM lineitem ly     JOIN orders oy ON oy.o_orderkey = ly.l_orderkey     JOIN customer cy ON cy.c_custkey = oy.o_custkey     WHERE cy.c_nationkey = n.n_nationkey )
       |-- orders: ( SELECT SUM(l.l_extendedprice * (1 - l.l_discount)) FROM lineitem l WHERE l.l_orderkey = o.o_orderkey ) > 100000
       |-- part: NOT EXISTS (     SELECT 1     FROM lineitem l     WHERE l.l_partkey = p.p_partkey       AND l.l_quantity > 200 )
  [Q8] Indexed RLS Baseline: 50.9671s

  -> [DEBUG] Firing Q9. Active Predicates:
       |-- supplier: NOT EXISTS (     SELECT 1     FROM partsupp ps     JOIN part p ON p.p_partkey = ps.ps_partkey     WHERE ps.ps_suppkey = s.s_suppkey       AND p.p_retailprice < 500 )
       |-- lineitem: (     SELECT SUM(lx.l_extendedprice * (1 - lx.l_discount))     FROM lineitem lx     JOIN supplier sx ON sx.s_suppkey = lx.l_suppkey     WHERE sx.s_nationkey = n.n_nationkey ) > (     SELECT SUM(ly.l_extendedprice * (1 - ly.l_discount))     FROM lineitem ly     JOIN orders oy ON oy.o_orderkey = ly.l_orderkey     JOIN customer cy ON cy.c_custkey = oy.o_custkey     WHERE cy.c_nationkey = n.n_nationkey )
       |-- orders: ( SELECT SUM(l.l_extendedprice * (1 - l.l_discount)) FROM lineitem l WHERE l.l_orderkey = o.o_orderkey ) > 100000
       |-- part: NOT EXISTS (     SELECT 1     FROM lineitem l     WHERE l.l_partkey = p.p_partkey       AND l.l_quantity > 200 )
  [Q9] Indexed RLS Baseline: 44.3115s

  -> [DEBUG] Firing Q10. Active Predicates:
       |-- orders: ( SELECT SUM(l.l_extendedprice * (1 - l.l_discount)) FROM lineitem l WHERE l.l_orderkey = o.o_orderkey ) > 100000
       |-- customer: EXISTS (     SELECT 1     FROM orders o     JOIN lineitem l           ON l.l_orderkey = o.o_orderkey     JOIN supplier s           ON s.s_suppkey = l.l_suppkey     JOIN nation ns           ON ns.n_nationkey = s.s_nationkey     JOIN nation nc           ON nc.n_nationkey = c.c_nationkey     WHERE o.o_custkey = c.c_custkey       AND ns.n_regionkey = nc.n_regionkey       AND ns.n_nationkey <> nc.n_nationkey )
       |-- lineitem: (     SELECT SUM(lx.l_extendedprice * (1 - lx.l_discount))     FROM lineitem lx     JOIN supplier sx ON sx.s_suppkey = lx.l_suppkey     WHERE sx.s_nationkey = n.n_nationkey ) > (     SELECT SUM(ly.l_extendedprice * (1 - ly.l_discount))     FROM lineitem ly     JOIN orders oy ON oy.o_orderkey = ly.l_orderkey     JOIN customer cy ON cy.c_custkey = oy.o_custkey     WHERE cy.c_nationkey = n.n_nationkey )
  [Q10] Indexed RLS Baseline: 49.8302s

  -> [DEBUG] Firing Q11. Active Predicates:
       |-- supplier: NOT EXISTS (     SELECT 1     FROM partsupp ps     JOIN part p ON p.p_partkey = ps.ps_partkey     WHERE ps.ps_suppkey = s.s_suppkey       AND p.p_retailprice < 500 )
  [Q11] Indexed RLS Baseline: 0.1526s

  -> [DEBUG] Firing Q12. Active Predicates:
       |-- orders: ( SELECT SUM(l.l_extendedprice * (1 - l.l_discount)) FROM lineitem l WHERE l.l_orderkey = o.o_orderkey ) > 100000
       |-- lineitem: (     SELECT SUM(lx.l_extendedprice * (1 - lx.l_discount))     FROM lineitem lx     JOIN supplier sx ON sx.s_suppkey = lx.l_suppkey     WHERE sx.s_nationkey = n.n_nationkey ) > (     SELECT SUM(ly.l_extendedprice * (1 - ly.l_discount))     FROM lineitem ly     JOIN orders oy ON oy.o_orderkey = ly.l_orderkey     JOIN customer cy ON cy.c_custkey = oy.o_custkey     WHERE cy.c_nationkey = n.n_nationkey )
  [Q12] Indexed RLS Baseline: 40.9911s

  -> [DEBUG] Firing Q13. Active Predicates:
       |-- orders: ( SELECT SUM(l.l_extendedprice * (1 - l.l_discount)) FROM lineitem l WHERE l.l_orderkey = o.o_orderkey ) > 100000
       |-- customer: EXISTS (     SELECT 1     FROM orders o     JOIN lineitem l           ON l.l_orderkey = o.o_orderkey     JOIN supplier s           ON s.s_suppkey = l.l_suppkey     JOIN nation ns           ON ns.n_nationkey = s.s_nationkey     JOIN nation nc           ON nc.n_nationkey = c.c_nationkey     WHERE o.o_custkey = c.c_custkey       AND ns.n_regionkey = nc.n_regionkey       AND ns.n_nationkey <> nc.n_nationkey )
  [Q13] Indexed RLS Baseline: 16.4578s

  -> [DEBUG] Firing Q14. Active Predicates:
       |-- lineitem: (     SELECT SUM(lx.l_extendedprice * (1 - lx.l_discount))     FROM lineitem lx     JOIN supplier sx ON sx.s_suppkey = lx.l_suppkey     WHERE sx.s_nationkey = n.n_nationkey ) > (     SELECT SUM(ly.l_extendedprice * (1 - ly.l_discount))     FROM lineitem ly     JOIN orders oy ON oy.o_orderkey = ly.l_orderkey     JOIN customer cy ON cy.c_custkey = oy.o_custkey     WHERE cy.c_nationkey = n.n_nationkey )
       |-- part: NOT EXISTS (     SELECT 1     FROM lineitem l     WHERE l.l_partkey = p.p_partkey       AND l.l_quantity > 200 )
  [Q14] Indexed RLS Baseline: 34.6212s

  -> [DEBUG] Firing Q15. Active Predicates:
       |-- supplier: NOT EXISTS (     SELECT 1     FROM partsupp ps     JOIN part p ON p.p_partkey = ps.ps_partkey     WHERE ps.ps_suppkey = s.s_suppkey       AND p.p_retailprice < 500 )
       |-- lineitem: (     SELECT SUM(lx.l_extendedprice * (1 - lx.l_discount))     FROM lineitem lx     JOIN supplier sx ON sx.s_suppkey = lx.l_suppkey     WHERE sx.s_nationkey = n.n_nationkey ) > (     SELECT SUM(ly.l_extendedprice * (1 - ly.l_discount))     FROM lineitem ly     JOIN orders oy ON oy.o_orderkey = ly.l_orderkey     JOIN customer cy ON cy.c_custkey = oy.o_custkey     WHERE cy.c_nationkey = n.n_nationkey )
  [Q15] Indexed RLS Baseline: 34.5625s

  -> [DEBUG] Firing Q16. Active Predicates:
       |-- customer: EXISTS (     SELECT 1     FROM orders o     JOIN lineitem l           ON l.l_orderkey = o.o_orderkey     JOIN supplier s           ON s.s_suppkey = l.l_suppkey     JOIN nation ns           ON ns.n_nationkey = s.s_nationkey     JOIN nation nc           ON nc.n_nationkey = c.c_nationkey     WHERE o.o_custkey = c.c_custkey       AND ns.n_regionkey = nc.n_regionkey       AND ns.n_nationkey <> nc.n_nationkey )
       |-- supplier: NOT EXISTS (     SELECT 1     FROM partsupp ps     JOIN part p ON p.p_partkey = ps.ps_partkey     WHERE ps.ps_suppkey = s.s_suppkey       AND p.p_retailprice < 500 )
       |-- part: NOT EXISTS (     SELECT 1     FROM lineitem l     WHERE l.l_partkey = p.p_partkey       AND l.l_quantity > 200 )
  [Q16] Indexed RLS Baseline: 0.2974s

  -> [DEBUG] Firing Q17. Active Predicates:
       |-- lineitem: (     SELECT SUM(lx.l_extendedprice * (1 - lx.l_discount))     FROM lineitem lx     JOIN supplier sx ON sx.s_suppkey = lx.l_suppkey     WHERE sx.s_nationkey = n.n_nationkey ) > (     SELECT SUM(ly.l_extendedprice * (1 - ly.l_discount))     FROM lineitem ly     JOIN orders oy ON oy.o_orderkey = ly.l_orderkey     JOIN customer cy ON cy.c_custkey = oy.o_custkey     WHERE cy.c_nationkey = n.n_nationkey )
       |-- part: NOT EXISTS (     SELECT 1     FROM lineitem l     WHERE l.l_partkey = p.p_partkey       AND l.l_quantity > 200 )
  [Q17] Indexed RLS Baseline: 68.3841s

  -> [DEBUG] Firing Q18. Active Predicates:
       |-- orders: ( SELECT SUM(l.l_extendedprice * (1 - l.l_discount)) FROM lineitem l WHERE l.l_orderkey = o.o_orderkey ) > 100000
       |-- customer: EXISTS (     SELECT 1     FROM orders o     JOIN lineitem l           ON l.l_orderkey = o.o_orderkey     JOIN supplier s           ON s.s_suppkey = l.l_suppkey     JOIN nation ns           ON ns.n_nationkey = s.s_nationkey     JOIN nation nc           ON nc.n_nationkey = c.c_nationkey     WHERE o.o_custkey = c.c_custkey       AND ns.n_regionkey = nc.n_regionkey       AND ns.n_nationkey <> nc.n_nationkey )
       |-- lineitem: (     SELECT SUM(lx.l_extendedprice * (1 - lx.l_discount))     FROM lineitem lx     JOIN supplier sx ON sx.s_suppkey = lx.l_suppkey     WHERE sx.s_nationkey = n.n_nationkey ) > (     SELECT SUM(ly.l_extendedprice * (1 - ly.l_discount))     FROM lineitem ly     JOIN orders oy ON oy.o_orderkey = ly.l_orderkey     JOIN customer cy ON cy.c_custkey = oy.o_custkey     WHERE cy.c_nationkey = n.n_nationkey )
  [Q18] Indexed RLS Baseline: 43.0519s

  -> [DEBUG] Firing Q19. Active Predicates:
       |-- lineitem: (     SELECT SUM(lx.l_extendedprice * (1 - lx.l_discount))     FROM lineitem lx     JOIN supplier sx ON sx.s_suppkey = lx.l_suppkey     WHERE sx.s_nationkey = n.n_nationkey ) > (     SELECT SUM(ly.l_extendedprice * (1 - ly.l_discount))     FROM lineitem ly     JOIN orders oy ON oy.o_orderkey = ly.l_orderkey     JOIN customer cy ON cy.c_custkey = oy.o_custkey     WHERE cy.c_nationkey = n.n_nationkey )
       |-- part: NOT EXISTS (     SELECT 1     FROM lineitem l     WHERE l.l_partkey = p.p_partkey       AND l.l_quantity > 200 )
  [Q19] Indexed RLS Baseline: 34.4040s

  -> [DEBUG] Firing Q20. Active Predicates:
       |-- supplier: NOT EXISTS (     SELECT 1     FROM partsupp ps     JOIN part p ON p.p_partkey = ps.ps_partkey     WHERE ps.ps_suppkey = s.s_suppkey       AND p.p_retailprice < 500 )
       |-- lineitem: (     SELECT SUM(lx.l_extendedprice * (1 - lx.l_discount))     FROM lineitem lx     JOIN supplier sx ON sx.s_suppkey = lx.l_suppkey     WHERE sx.s_nationkey = n.n_nationkey ) > (     SELECT SUM(ly.l_extendedprice * (1 - ly.l_discount))     FROM lineitem ly     JOIN orders oy ON oy.o_orderkey = ly.l_orderkey     JOIN customer cy ON cy.c_custkey = oy.o_custkey     WHERE cy.c_nationkey = n.n_nationkey )
       |-- part: NOT EXISTS (     SELECT 1     FROM lineitem l     WHERE l.l_partkey = p.p_partkey       AND l.l_quantity > 200 )
  [Q20] Indexed RLS Baseline: 34.0341s

  -> [DEBUG] Firing Q21. Active Predicates:
       |-- orders: ( SELECT SUM(l.l_extendedprice * (1 - l.l_discount)) FROM lineitem l WHERE l.l_orderkey = o.o_orderkey ) > 100000
       |-- supplier: NOT EXISTS (     SELECT 1     FROM partsupp ps     JOIN part p ON p.p_partkey = ps.ps_partkey     WHERE ps.ps_suppkey = s.s_suppkey       AND p.p_retailprice < 500 )
       |-- lineitem: (     SELECT SUM(lx.l_extendedprice * (1 - lx.l_discount))     FROM lineitem lx     JOIN supplier sx ON sx.s_suppkey = lx.l_suppkey     WHERE sx.s_nationkey = n.n_nationkey ) > (     SELECT SUM(ly.l_extendedprice * (1 - ly.l_discount))     FROM lineitem ly     JOIN orders oy ON oy.o_orderkey = ly.l_orderkey     JOIN customer cy ON cy.c_custkey = oy.o_custkey     WHERE cy.c_nationkey = n.n_nationkey )
  [Q21] Indexed RLS Baseline: 110.4828s

  -> [DEBUG] Firing Q22. Active Predicates:
       |-- orders: ( SELECT SUM(l.l_extendedprice * (1 - l.l_discount)) FROM lineitem l WHERE l.l_orderkey = o.o_orderkey ) > 100000
       |-- customer: EXISTS (     SELECT 1     FROM orders o     JOIN lineitem l           ON l.l_orderkey = o.o_orderkey     JOIN supplier s           ON s.s_suppkey = l.l_suppkey     JOIN nation ns           ON ns.n_nationkey = s.s_nationkey     JOIN nation nc           ON nc.n_nationkey = c.c_nationkey     WHERE o.o_custkey = c.c_custkey       AND ns.n_regionkey = nc.n_regionkey       AND ns.n_nationkey <> nc.n_nationkey )
  [Q22] Indexed RLS Baseline: 22.6831s

[sudo] password for securedb: b"\nDO $$\nDECLARE\n    r RECORD;\n    drop_statement TEXT;\nBEGIN\n    FOR r IN (\n        SELECT \n            n.nspname AS schemaname, \n            c_ind.relname AS indexname,\n            format('DROP INDEX %I.%I;', n.nspname, c_ind.relname) AS drop_cmd\n        FROM \n            pg_index ind\n        JOIN \n            pg_class c_ind ON c_ind.oid = ind.indexrelid\n        JOIN \n            pg_namespace n ON n.oid = c_ind.relnamespace\n        LEFT JOIN \n            pg_constraint cons ON cons.conindid = ind.indexrelid\n        WHERE \n            n.nspname = 'public' \n            AND cons.oid IS NULL \n    )\n    LOOP\n        RAISE INFO '%', r.drop_cmd; \n        EXECUTE r.drop_cmd;\n    END LOOP;\nEND $$;\n"
Restarting PostgreSQL...
Restart command issued.
Waiting for PostgreSQL to become ready...
PostgreSQL is ready.

--- PHASE 2: Running Exp 1 (Pure Native RLS) ---
  -> Building PK index on region: (r_regionkey)
b'CREATE INDEX idx_region_pk ON region (r_regionkey);'
  -> Building PK index on nation: (n_nationkey)
b'CREATE INDEX idx_nation_pk ON nation (n_nationkey);'
  -> Building PK index on part: (p_partkey)
b'CREATE INDEX idx_part_pk ON part (p_partkey);'
  -> Building PK index on supplier: (s_suppkey)
b'CREATE INDEX idx_supplier_pk ON supplier (s_suppkey);'
  -> Building PK index on partsupp: (ps_partkey, ps_suppkey)
b'CREATE INDEX idx_partsupp_pk ON partsupp (ps_partkey, ps_suppkey);'
  -> Building PK index on customer: (c_custkey)
b'CREATE INDEX idx_customer_pk ON customer (c_custkey);'
  -> Building PK index on orders: (o_orderkey)
b'CREATE INDEX idx_orders_pk ON orders (o_orderkey);'
  -> Building PK index on lineitem: (l_orderkey, l_linenumber)
b'CREATE INDEX idx_lineitem_pk ON lineitem (l_orderkey, l_linenumber);'
  -> Building FK index on nation: (n_regionkey)
b'CREATE INDEX idx_nation_fk_n_regionkey ON nation (n_regionkey);'
  -> Building FK index on supplier: (s_nationkey)
b'CREATE INDEX idx_supplier_fk_s_nationkey ON supplier (s_nationkey);'
  -> Building FK index on customer: (c_nationkey)
b'CREATE INDEX idx_customer_fk_c_nationkey ON customer (c_nationkey);'
  -> Building FK index on partsupp: (ps_partkey)
b'CREATE INDEX idx_partsupp_fk_ps_partkey ON partsupp (ps_partkey);'
  -> Building FK index on partsupp: (ps_suppkey)
b'CREATE INDEX idx_partsupp_fk_ps_suppkey ON partsupp (ps_suppkey);'
  -> Building FK index on orders: (o_custkey)
b'CREATE INDEX idx_orders_fk_o_custkey ON orders (o_custkey);'
  -> Building FK index on lineitem: (l_orderkey)
b'CREATE INDEX idx_lineitem_fk_l_orderkey ON lineitem (l_orderkey);'
  -> Building FK index on lineitem: (l_partkey, l_suppkey)
b'CREATE INDEX idx_lineitem_fk_l_partkey_l_suppkey ON lineitem (l_partkey, l_suppkey);'
  -> [LOG] Securing orders
     |-- Logical Filter: ( SELECT SUM(l.l_extendedprice * (1 - l.l_discount)) FROM lineitem l WHERE l.l_orderkey = o.o_orderkey ) > 100000
     |-- Applied Policy: USING (o_orderkey IN (SELECT o_orderkey FROM rls_bypass_view_orders))
  -> [LOG] Securing customer
     |-- Logical Filter: EXISTS (
    SELECT 1
    FROM orders o
    JOIN lineitem l 
         ON l.l_orderkey = o.o_orderkey
    JOIN supplier s 
         ON s.s_suppkey = l.l_suppkey
    JOIN nation ns 
         ON ns.n_nationkey = s.s_nationkey
    JOIN nation nc 
         ON nc.n_nationkey = c.c_nationkey
    WHERE o.o_custkey = c.c_custkey
      AND ns.n_regionkey = nc.n_regionkey
      AND ns.n_nationkey <> nc.n_nationkey
)
     |-- Applied Policy: USING (c_custkey IN (SELECT c_custkey FROM rls_bypass_view_customer))
  -> [LOG] Securing lineitem
     |-- Logical Filter: (
    SELECT SUM(lx.l_extendedprice * (1 - lx.l_discount))
    FROM lineitem lx
    JOIN supplier sx ON sx.s_suppkey = lx.l_suppkey
    WHERE sx.s_nationkey = n.n_nationkey
)
>
(
    SELECT SUM(ly.l_extendedprice * (1 - ly.l_discount))
    FROM lineitem ly
    JOIN orders oy ON oy.o_orderkey = ly.l_orderkey
    JOIN customer cy ON cy.c_custkey = oy.o_custkey
    WHERE cy.c_nationkey = n.n_nationkey
)
     |-- Applied Policy: USING ((l_orderkey, l_linenumber) IN (SELECT l_orderkey, l_linenumber FROM rls_bypass_view_lineitem))
  -> [LOG] Securing part
     |-- Logical Filter: NOT EXISTS (
    SELECT 1
    FROM lineitem l
    WHERE l.l_partkey = p.p_partkey
      AND l.l_quantity > 200
)
     |-- Applied Policy: USING (p_partkey IN (SELECT p_partkey FROM rls_bypass_view_part))
  -> [LOG] Securing supplier
     |-- Logical Filter: NOT EXISTS (
    SELECT 1
    FROM partsupp ps
    JOIN part p ON p.p_partkey = ps.ps_partkey
    WHERE ps.ps_suppkey = s.s_suppkey
      AND p.p_retailprice < 500
)
     |-- Applied Policy: USING (s_suppkey IN (SELECT s_suppkey FROM rls_bypass_view_supplier))
  -> [DEBUG] Firing Q1 (Pure RLS). Active Predicates:
       |-- lineitem: (     SELECT SUM(lx.l_extendedprice * (1 - lx.l_discount))     FROM lineitem lx     JOIN supplier sx ON sx.s_suppkey = lx.l_suppkey     WHERE sx.s_nationkey = n.n_nationkey ) > (     SELECT SUM(ly.l_extendedprice * (1 - ly.l_discount))     FROM lineitem ly     JOIN orders oy ON oy.o_orderkey = ly.l_orderkey     JOIN customer cy ON cy.c_custkey = oy.o_custkey     WHERE cy.c_nationkey = n.n_nationkey )
  [Q1] Pure RLS Avg: 36.9243s

  -> [DEBUG] Firing Q2 (Pure RLS). Active Predicates:
       |-- supplier: NOT EXISTS (     SELECT 1     FROM partsupp ps     JOIN part p ON p.p_partkey = ps.ps_partkey     WHERE ps.ps_suppkey = s.s_suppkey       AND p.p_retailprice < 500 )
       |-- part: NOT EXISTS (     SELECT 1     FROM lineitem l     WHERE l.l_partkey = p.p_partkey       AND l.l_quantity > 200 )
  [Q2] Pure RLS Avg: 4.5130s

  -> [DEBUG] Firing Q3 (Pure RLS). Active Predicates:
       |-- orders: ( SELECT SUM(l.l_extendedprice * (1 - l.l_discount)) FROM lineitem l WHERE l.l_orderkey = o.o_orderkey ) > 100000
       |-- customer: EXISTS (     SELECT 1     FROM orders o     JOIN lineitem l           ON l.l_orderkey = o.o_orderkey     JOIN supplier s           ON s.s_suppkey = l.l_suppkey     JOIN nation ns           ON ns.n_nationkey = s.s_nationkey     JOIN nation nc           ON nc.n_nationkey = c.c_nationkey     WHERE o.o_custkey = c.c_custkey       AND ns.n_regionkey = nc.n_regionkey       AND ns.n_nationkey <> nc.n_nationkey )
       |-- lineitem: (     SELECT SUM(lx.l_extendedprice * (1 - lx.l_discount))     FROM lineitem lx     JOIN supplier sx ON sx.s_suppkey = lx.l_suppkey     WHERE sx.s_nationkey = n.n_nationkey ) > (     SELECT SUM(ly.l_extendedprice * (1 - ly.l_discount))     FROM lineitem ly     JOIN orders oy ON oy.o_orderkey = ly.l_orderkey     JOIN customer cy ON cy.c_custkey = oy.o_custkey     WHERE cy.c_nationkey = n.n_nationkey )
  [Q3] Pure RLS Avg: 49.8485s

  -> [DEBUG] Firing Q4 (Pure RLS). Active Predicates:
       |-- orders: ( SELECT SUM(l.l_extendedprice * (1 - l.l_discount)) FROM lineitem l WHERE l.l_orderkey = o.o_orderkey ) > 100000
       |-- lineitem: (     SELECT SUM(lx.l_extendedprice * (1 - lx.l_discount))     FROM lineitem lx     JOIN supplier sx ON sx.s_suppkey = lx.l_suppkey     WHERE sx.s_nationkey = n.n_nationkey ) > (     SELECT SUM(ly.l_extendedprice * (1 - ly.l_discount))     FROM lineitem ly     JOIN orders oy ON oy.o_orderkey = ly.l_orderkey     JOIN customer cy ON cy.c_custkey = oy.o_custkey     WHERE cy.c_nationkey = n.n_nationkey )
  [Q4] Pure RLS Avg: 41.4986s

  -> [DEBUG] Firing Q5 (Pure RLS). Active Predicates:
       |-- customer: EXISTS (     SELECT 1     FROM orders o     JOIN lineitem l           ON l.l_orderkey = o.o_orderkey     JOIN supplier s           ON s.s_suppkey = l.l_suppkey     JOIN nation ns           ON ns.n_nationkey = s.s_nationkey     JOIN nation nc           ON nc.n_nationkey = c.c_nationkey     WHERE o.o_custkey = c.c_custkey       AND ns.n_regionkey = nc.n_regionkey       AND ns.n_nationkey <> nc.n_nationkey )
       |-- supplier: NOT EXISTS (     SELECT 1     FROM partsupp ps     JOIN part p ON p.p_partkey = ps.ps_partkey     WHERE ps.ps_suppkey = s.s_suppkey       AND p.p_retailprice < 500 )
       |-- lineitem: (     SELECT SUM(lx.l_extendedprice * (1 - lx.l_discount))     FROM lineitem lx     JOIN supplier sx ON sx.s_suppkey = lx.l_suppkey     WHERE sx.s_nationkey = n.n_nationkey ) > (     SELECT SUM(ly.l_extendedprice * (1 - ly.l_discount))     FROM lineitem ly     JOIN orders oy ON oy.o_orderkey = ly.l_orderkey     JOIN customer cy ON cy.c_custkey = oy.o_custkey     WHERE cy.c_nationkey = n.n_nationkey )
       |-- orders: ( SELECT SUM(l.l_extendedprice * (1 - l.l_discount)) FROM lineitem l WHERE l.l_orderkey = o.o_orderkey ) > 100000
  [Q5] Pure RLS Avg: 50.6437s

  -> [DEBUG] Firing Q6 (Pure RLS). Active Predicates:
       |-- lineitem: (     SELECT SUM(lx.l_extendedprice * (1 - lx.l_discount))     FROM lineitem lx     JOIN supplier sx ON sx.s_suppkey = lx.l_suppkey     WHERE sx.s_nationkey = n.n_nationkey ) > (     SELECT SUM(ly.l_extendedprice * (1 - ly.l_discount))     FROM lineitem ly     JOIN orders oy ON oy.o_orderkey = ly.l_orderkey     JOIN customer cy ON cy.c_custkey = oy.o_custkey     WHERE cy.c_nationkey = n.n_nationkey )
  [Q6] Pure RLS Avg: 34.9268s

  -> [DEBUG] Firing Q7 (Pure RLS). Active Predicates:
       |-- customer: EXISTS (     SELECT 1     FROM orders o     JOIN lineitem l           ON l.l_orderkey = o.o_orderkey     JOIN supplier s           ON s.s_suppkey = l.l_suppkey     JOIN nation ns           ON ns.n_nationkey = s.s_nationkey     JOIN nation nc           ON nc.n_nationkey = c.c_nationkey     WHERE o.o_custkey = c.c_custkey       AND ns.n_regionkey = nc.n_regionkey       AND ns.n_nationkey <> nc.n_nationkey )
       |-- supplier: NOT EXISTS (     SELECT 1     FROM partsupp ps     JOIN part p ON p.p_partkey = ps.ps_partkey     WHERE ps.ps_suppkey = s.s_suppkey       AND p.p_retailprice < 500 )
       |-- lineitem: (     SELECT SUM(lx.l_extendedprice * (1 - lx.l_discount))     FROM lineitem lx     JOIN supplier sx ON sx.s_suppkey = lx.l_suppkey     WHERE sx.s_nationkey = n.n_nationkey ) > (     SELECT SUM(ly.l_extendedprice * (1 - ly.l_discount))     FROM lineitem ly     JOIN orders oy ON oy.o_orderkey = ly.l_orderkey     JOIN customer cy ON cy.c_custkey = oy.o_custkey     WHERE cy.c_nationkey = n.n_nationkey )
       |-- orders: ( SELECT SUM(l.l_extendedprice * (1 - l.l_discount)) FROM lineitem l WHERE l.l_orderkey = o.o_orderkey ) > 100000
  [Q7] Pure RLS Avg: 49.4773s

  -> [DEBUG] Firing Q8 (Pure RLS). Active Predicates:
       |-- customer: EXISTS (     SELECT 1     FROM orders o     JOIN lineitem l           ON l.l_orderkey = o.o_orderkey     JOIN supplier s           ON s.s_suppkey = l.l_suppkey     JOIN nation ns           ON ns.n_nationkey = s.s_nationkey     JOIN nation nc           ON nc.n_nationkey = c.c_nationkey     WHERE o.o_custkey = c.c_custkey       AND ns.n_regionkey = nc.n_regionkey       AND ns.n_nationkey <> nc.n_nationkey )
       |-- supplier: NOT EXISTS (     SELECT 1     FROM partsupp ps     JOIN part p ON p.p_partkey = ps.ps_partkey     WHERE ps.ps_suppkey = s.s_suppkey       AND p.p_retailprice < 500 )
       |-- lineitem: (     SELECT SUM(lx.l_extendedprice * (1 - lx.l_discount))     FROM lineitem lx     JOIN supplier sx ON sx.s_suppkey = lx.l_suppkey     WHERE sx.s_nationkey = n.n_nationkey ) > (     SELECT SUM(ly.l_extendedprice * (1 - ly.l_discount))     FROM lineitem ly     JOIN orders oy ON oy.o_orderkey = ly.l_orderkey     JOIN customer cy ON cy.c_custkey = oy.o_custkey     WHERE cy.c_nationkey = n.n_nationkey )
       |-- orders: ( SELECT SUM(l.l_extendedprice * (1 - l.l_discount)) FROM lineitem l WHERE l.l_orderkey = o.o_orderkey ) > 100000
       |-- part: NOT EXISTS (     SELECT 1     FROM lineitem l     WHERE l.l_partkey = p.p_partkey       AND l.l_quantity > 200 )
  [Q8] Pure RLS Avg: 50.6697s

  -> [DEBUG] Firing Q9 (Pure RLS). Active Predicates:
       |-- supplier: NOT EXISTS (     SELECT 1     FROM partsupp ps     JOIN part p ON p.p_partkey = ps.ps_partkey     WHERE ps.ps_suppkey = s.s_suppkey       AND p.p_retailprice < 500 )
       |-- lineitem: (     SELECT SUM(lx.l_extendedprice * (1 - lx.l_discount))     FROM lineitem lx     JOIN supplier sx ON sx.s_suppkey = lx.l_suppkey     WHERE sx.s_nationkey = n.n_nationkey ) > (     SELECT SUM(ly.l_extendedprice * (1 - ly.l_discount))     FROM lineitem ly     JOIN orders oy ON oy.o_orderkey = ly.l_orderkey     JOIN customer cy ON cy.c_custkey = oy.o_custkey     WHERE cy.c_nationkey = n.n_nationkey )
       |-- orders: ( SELECT SUM(l.l_extendedprice * (1 - l.l_discount)) FROM lineitem l WHERE l.l_orderkey = o.o_orderkey ) > 100000
       |-- part: NOT EXISTS (     SELECT 1     FROM lineitem l     WHERE l.l_partkey = p.p_partkey       AND l.l_quantity > 200 )
  [Q9] Pure RLS Avg: 43.6765s

  -> [DEBUG] Firing Q10 (Pure RLS). Active Predicates:
       |-- orders: ( SELECT SUM(l.l_extendedprice * (1 - l.l_discount)) FROM lineitem l WHERE l.l_orderkey = o.o_orderkey ) > 100000
       |-- customer: EXISTS (     SELECT 1     FROM orders o     JOIN lineitem l           ON l.l_orderkey = o.o_orderkey     JOIN supplier s           ON s.s_suppkey = l.l_suppkey     JOIN nation ns           ON ns.n_nationkey = s.s_nationkey     JOIN nation nc           ON nc.n_nationkey = c.c_nationkey     WHERE o.o_custkey = c.c_custkey       AND ns.n_regionkey = nc.n_regionkey       AND ns.n_nationkey <> nc.n_nationkey )
       |-- lineitem: (     SELECT SUM(lx.l_extendedprice * (1 - lx.l_discount))     FROM lineitem lx     JOIN supplier sx ON sx.s_suppkey = lx.l_suppkey     WHERE sx.s_nationkey = n.n_nationkey ) > (     SELECT SUM(ly.l_extendedprice * (1 - ly.l_discount))     FROM lineitem ly     JOIN orders oy ON oy.o_orderkey = ly.l_orderkey     JOIN customer cy ON cy.c_custkey = oy.o_custkey     WHERE cy.c_nationkey = n.n_nationkey )
  [Q10] Pure RLS Avg: 49.0874s

  -> [DEBUG] Firing Q11 (Pure RLS). Active Predicates:
       |-- supplier: NOT EXISTS (     SELECT 1     FROM partsupp ps     JOIN part p ON p.p_partkey = ps.ps_partkey     WHERE ps.ps_suppkey = s.s_suppkey       AND p.p_retailprice < 500 )
  [Q11] Pure RLS Avg: 0.2656s

  -> [DEBUG] Firing Q12 (Pure RLS). Active Predicates:
       |-- orders: ( SELECT SUM(l.l_extendedprice * (1 - l.l_discount)) FROM lineitem l WHERE l.l_orderkey = o.o_orderkey ) > 100000
       |-- lineitem: (     SELECT SUM(lx.l_extendedprice * (1 - lx.l_discount))     FROM lineitem lx     JOIN supplier sx ON sx.s_suppkey = lx.l_suppkey     WHERE sx.s_nationkey = n.n_nationkey ) > (     SELECT SUM(ly.l_extendedprice * (1 - ly.l_discount))     FROM lineitem ly     JOIN orders oy ON oy.o_orderkey = ly.l_orderkey     JOIN customer cy ON cy.c_custkey = oy.o_custkey     WHERE cy.c_nationkey = n.n_nationkey )
  [Q12] Pure RLS Avg: 40.3301s

  -> [DEBUG] Firing Q13 (Pure RLS). Active Predicates:
       |-- orders: ( SELECT SUM(l.l_extendedprice * (1 - l.l_discount)) FROM lineitem l WHERE l.l_orderkey = o.o_orderkey ) > 100000
       |-- customer: EXISTS (     SELECT 1     FROM orders o     JOIN lineitem l           ON l.l_orderkey = o.o_orderkey     JOIN supplier s           ON s.s_suppkey = l.l_suppkey     JOIN nation ns           ON ns.n_nationkey = s.s_nationkey     JOIN nation nc           ON nc.n_nationkey = c.c_nationkey     WHERE o.o_custkey = c.c_custkey       AND ns.n_regionkey = nc.n_regionkey       AND ns.n_nationkey <> nc.n_nationkey )
  [Q13] Pure RLS Avg: 16.2203s

  -> [DEBUG] Firing Q14 (Pure RLS). Active Predicates:
       |-- lineitem: (     SELECT SUM(lx.l_extendedprice * (1 - lx.l_discount))     FROM lineitem lx     JOIN supplier sx ON sx.s_suppkey = lx.l_suppkey     WHERE sx.s_nationkey = n.n_nationkey ) > (     SELECT SUM(ly.l_extendedprice * (1 - ly.l_discount))     FROM lineitem ly     JOIN orders oy ON oy.o_orderkey = ly.l_orderkey     JOIN customer cy ON cy.c_custkey = oy.o_custkey     WHERE cy.c_nationkey = n.n_nationkey )
       |-- part: NOT EXISTS (     SELECT 1     FROM lineitem l     WHERE l.l_partkey = p.p_partkey       AND l.l_quantity > 200 )
  [Q14] Pure RLS Avg: 34.3258s

  -> [DEBUG] Firing Q15 (Pure RLS). Active Predicates:
       |-- supplier: NOT EXISTS (     SELECT 1     FROM partsupp ps     JOIN part p ON p.p_partkey = ps.ps_partkey     WHERE ps.ps_suppkey = s.s_suppkey       AND p.p_retailprice < 500 )
       |-- lineitem: (     SELECT SUM(lx.l_extendedprice * (1 - lx.l_discount))     FROM lineitem lx     JOIN supplier sx ON sx.s_suppkey = lx.l_suppkey     WHERE sx.s_nationkey = n.n_nationkey ) > (     SELECT SUM(ly.l_extendedprice * (1 - ly.l_discount))     FROM lineitem ly     JOIN orders oy ON oy.o_orderkey = ly.l_orderkey     JOIN customer cy ON cy.c_custkey = oy.o_custkey     WHERE cy.c_nationkey = n.n_nationkey )
  [Q15] Pure RLS Avg: 33.9258s

  -> [DEBUG] Firing Q16 (Pure RLS). Active Predicates:
       |-- customer: EXISTS (     SELECT 1     FROM orders o     JOIN lineitem l           ON l.l_orderkey = o.o_orderkey     JOIN supplier s           ON s.s_suppkey = l.l_suppkey     JOIN nation ns           ON ns.n_nationkey = s.s_nationkey     JOIN nation nc           ON nc.n_nationkey = c.c_nationkey     WHERE o.o_custkey = c.c_custkey       AND ns.n_regionkey = nc.n_regionkey       AND ns.n_nationkey <> nc.n_nationkey )
       |-- supplier: NOT EXISTS (     SELECT 1     FROM partsupp ps     JOIN part p ON p.p_partkey = ps.ps_partkey     WHERE ps.ps_suppkey = s.s_suppkey       AND p.p_retailprice < 500 )
       |-- part: NOT EXISTS (     SELECT 1     FROM lineitem l     WHERE l.l_partkey = p.p_partkey       AND l.l_quantity > 200 )
  [Q16] Pure RLS Avg: 0.7658s

  -> [DEBUG] Firing Q17 (Pure RLS). Active Predicates:
       |-- lineitem: (     SELECT SUM(lx.l_extendedprice * (1 - lx.l_discount))     FROM lineitem lx     JOIN supplier sx ON sx.s_suppkey = lx.l_suppkey     WHERE sx.s_nationkey = n.n_nationkey ) > (     SELECT SUM(ly.l_extendedprice * (1 - ly.l_discount))     FROM lineitem ly     JOIN orders oy ON oy.o_orderkey = ly.l_orderkey     JOIN customer cy ON cy.c_custkey = oy.o_custkey     WHERE cy.c_nationkey = n.n_nationkey )
       |-- part: NOT EXISTS (     SELECT 1     FROM lineitem l     WHERE l.l_partkey = p.p_partkey       AND l.l_quantity > 200 )
  [Q17] Pure RLS Avg: 66.8510s

  -> [DEBUG] Firing Q18 (Pure RLS). Active Predicates:
       |-- orders: ( SELECT SUM(l.l_extendedprice * (1 - l.l_discount)) FROM lineitem l WHERE l.l_orderkey = o.o_orderkey ) > 100000
       |-- customer: EXISTS (     SELECT 1     FROM orders o     JOIN lineitem l           ON l.l_orderkey = o.o_orderkey     JOIN supplier s           ON s.s_suppkey = l.l_suppkey     JOIN nation ns           ON ns.n_nationkey = s.s_nationkey     JOIN nation nc           ON nc.n_nationkey = c.c_nationkey     WHERE o.o_custkey = c.c_custkey       AND ns.n_regionkey = nc.n_regionkey       AND ns.n_nationkey <> nc.n_nationkey )
       |-- lineitem: (     SELECT SUM(lx.l_extendedprice * (1 - lx.l_discount))     FROM lineitem lx     JOIN supplier sx ON sx.s_suppkey = lx.l_suppkey     WHERE sx.s_nationkey = n.n_nationkey ) > (     SELECT SUM(ly.l_extendedprice * (1 - ly.l_discount))     FROM lineitem ly     JOIN orders oy ON oy.o_orderkey = ly.l_orderkey     JOIN customer cy ON cy.c_custkey = oy.o_custkey     WHERE cy.c_nationkey = n.n_nationkey )
  [Q18] Pure RLS Avg: 42.4103s

  -> [DEBUG] Firing Q19 (Pure RLS). Active Predicates:
       |-- lineitem: (     SELECT SUM(lx.l_extendedprice * (1 - lx.l_discount))     FROM lineitem lx     JOIN supplier sx ON sx.s_suppkey = lx.l_suppkey     WHERE sx.s_nationkey = n.n_nationkey ) > (     SELECT SUM(ly.l_extendedprice * (1 - ly.l_discount))     FROM lineitem ly     JOIN orders oy ON oy.o_orderkey = ly.l_orderkey     JOIN customer cy ON cy.c_custkey = oy.o_custkey     WHERE cy.c_nationkey = n.n_nationkey )
       |-- part: NOT EXISTS (     SELECT 1     FROM lineitem l     WHERE l.l_partkey = p.p_partkey       AND l.l_quantity > 200 )
  [Q19] Pure RLS Avg: 34.1219s

  -> [DEBUG] Firing Q20 (Pure RLS). Active Predicates:
       |-- supplier: NOT EXISTS (     SELECT 1     FROM partsupp ps     JOIN part p ON p.p_partkey = ps.ps_partkey     WHERE ps.ps_suppkey = s.s_suppkey       AND p.p_retailprice < 500 )
       |-- lineitem: (     SELECT SUM(lx.l_extendedprice * (1 - lx.l_discount))     FROM lineitem lx     JOIN supplier sx ON sx.s_suppkey = lx.l_suppkey     WHERE sx.s_nationkey = n.n_nationkey ) > (     SELECT SUM(ly.l_extendedprice * (1 - ly.l_discount))     FROM lineitem ly     JOIN orders oy ON oy.o_orderkey = ly.l_orderkey     JOIN customer cy ON cy.c_custkey = oy.o_custkey     WHERE cy.c_nationkey = n.n_nationkey )
       |-- part: NOT EXISTS (     SELECT 1     FROM lineitem l     WHERE l.l_partkey = p.p_partkey       AND l.l_quantity > 200 )
  [Q20] Pure RLS Avg: 33.6868s

  -> [DEBUG] Firing Q21 (Pure RLS). Active Predicates:
       |-- orders: ( SELECT SUM(l.l_extendedprice * (1 - l.l_discount)) FROM lineitem l WHERE l.l_orderkey = o.o_orderkey ) > 100000
       |-- supplier: NOT EXISTS (     SELECT 1     FROM partsupp ps     JOIN part p ON p.p_partkey = ps.ps_partkey     WHERE ps.ps_suppkey = s.s_suppkey       AND p.p_retailprice < 500 )
       |-- lineitem: (     SELECT SUM(lx.l_extendedprice * (1 - lx.l_discount))     FROM lineitem lx     JOIN supplier sx ON sx.s_suppkey = lx.l_suppkey     WHERE sx.s_nationkey = n.n_nationkey ) > (     SELECT SUM(ly.l_extendedprice * (1 - ly.l_discount))     FROM lineitem ly     JOIN orders oy ON oy.o_orderkey = ly.l_orderkey     JOIN customer cy ON cy.c_custkey = oy.o_custkey     WHERE cy.c_nationkey = n.n_nationkey )
  [Q21] Pure RLS Avg: 109.7897s

  -> [DEBUG] Firing Q22 (Pure RLS). Active Predicates:
       |-- orders: ( SELECT SUM(l.l_extendedprice * (1 - l.l_discount)) FROM lineitem l WHERE l.l_orderkey = o.o_orderkey ) > 100000
       |-- customer: EXISTS (     SELECT 1     FROM orders o     JOIN lineitem l           ON l.l_orderkey = o.o_orderkey     JOIN supplier s           ON s.s_suppkey = l.l_suppkey     JOIN nation ns           ON ns.n_nationkey = s.s_nationkey     JOIN nation nc           ON nc.n_nationkey = c.c_nationkey     WHERE o.o_custkey = c.c_custkey       AND ns.n_regionkey = nc.n_regionkey       AND ns.n_nationkey <> nc.n_nationkey )
  [Q22] Pure RLS Avg: 22.5400s


--- PHASE 3: Running Exp 2 (Secure Views) ---
[sudo] password for securedb: b"\nDO $$\nDECLARE\n    r RECORD;\n    drop_statement TEXT;\nBEGIN\n    FOR r IN (\n        SELECT \n            n.nspname AS schemaname, \n            c_ind.relname AS indexname,\n            format('DROP INDEX %I.%I;', n.nspname, c_ind.relname) AS drop_cmd\n        FROM \n            pg_index ind\n        JOIN \n            pg_class c_ind ON c_ind.oid = ind.indexrelid\n        JOIN \n            pg_namespace n ON n.oid = c_ind.relnamespace\n        LEFT JOIN \n            pg_constraint cons ON cons.conindid = ind.indexrelid\n        WHERE \n            n.nspname = 'public' \n            AND cons.oid IS NULL \n    )\n    LOOP\n        RAISE INFO '%', r.drop_cmd; \n        EXECUTE r.drop_cmd;\n    END LOOP;\nEND $$;\n"
Restarting PostgreSQL...
Restart command issued.
Waiting for PostgreSQL to become ready...
PostgreSQL is ready.
  -> Building PK index on region: (r_regionkey)
b'CREATE INDEX idx_region_pk ON region (r_regionkey);'
  -> Building PK index on nation: (n_nationkey)
b'CREATE INDEX idx_nation_pk ON nation (n_nationkey);'
  -> Building PK index on part: (p_partkey)
b'CREATE INDEX idx_part_pk ON part (p_partkey);'
  -> Building PK index on supplier: (s_suppkey)
b'CREATE INDEX idx_supplier_pk ON supplier (s_suppkey);'
  -> Building PK index on partsupp: (ps_partkey, ps_suppkey)
b'CREATE INDEX idx_partsupp_pk ON partsupp (ps_partkey, ps_suppkey);'
  -> Building PK index on customer: (c_custkey)
b'CREATE INDEX idx_customer_pk ON customer (c_custkey);'
  -> Building PK index on orders: (o_orderkey)
b'CREATE INDEX idx_orders_pk ON orders (o_orderkey);'
  -> Building PK index on lineitem: (l_orderkey, l_linenumber)
b'CREATE INDEX idx_lineitem_pk ON lineitem (l_orderkey, l_linenumber);'
  -> Building FK index on nation: (n_regionkey)
b'CREATE INDEX idx_nation_fk_n_regionkey ON nation (n_regionkey);'
  -> Building FK index on supplier: (s_nationkey)
b'CREATE INDEX idx_supplier_fk_s_nationkey ON supplier (s_nationkey);'
  -> Building FK index on customer: (c_nationkey)
b'CREATE INDEX idx_customer_fk_c_nationkey ON customer (c_nationkey);'
  -> Building FK index on partsupp: (ps_partkey)
b'CREATE INDEX idx_partsupp_fk_ps_partkey ON partsupp (ps_partkey);'
  -> Building FK index on partsupp: (ps_suppkey)
b'CREATE INDEX idx_partsupp_fk_ps_suppkey ON partsupp (ps_suppkey);'
  -> Building FK index on orders: (o_custkey)
b'CREATE INDEX idx_orders_fk_o_custkey ON orders (o_custkey);'
  -> Building FK index on lineitem: (l_orderkey)
b'CREATE INDEX idx_lineitem_fk_l_orderkey ON lineitem (l_orderkey);'
  -> Building FK index on lineitem: (l_partkey, l_suppkey)
b'CREATE INDEX idx_lineitem_fk_l_partkey_l_suppkey ON lineitem (l_partkey, l_suppkey);'
  -> [DEBUG] Firing Q1 (Secure Views). Active Predicates:
       |-- lineitem: (     SELECT SUM(lx.l_extendedprice * (1 - lx.l_discount))     FROM lineitem lx     JOIN supplier sx ON sx.s_suppkey = lx.l_suppkey     WHERE sx.s_nationkey = n.n_nationkey ) > (     SELECT SUM(ly.l_extendedprice * (1 - ly.l_discount))     FROM lineitem ly     JOIN orders oy ON oy.o_orderkey = ly.l_orderkey     JOIN customer cy ON cy.c_custkey = oy.o_custkey     WHERE cy.c_nationkey = n.n_nationkey )
  [Q1] Secure Views Avg: 37.9568s

  -> [DEBUG] Firing Q2 (Secure Views). Active Predicates:
       |-- supplier: NOT EXISTS (     SELECT 1     FROM partsupp ps     JOIN part p ON p.p_partkey = ps.ps_partkey     WHERE ps.ps_suppkey = s.s_suppkey       AND p.p_retailprice < 500 )
       |-- part: NOT EXISTS (     SELECT 1     FROM lineitem l     WHERE l.l_partkey = p.p_partkey       AND l.l_quantity > 200 )
  [Q2] Secure Views Avg: 0.6219s

  -> [DEBUG] Firing Q3 (Secure Views). Active Predicates:
       |-- orders: ( SELECT SUM(l.l_extendedprice * (1 - l.l_discount)) FROM lineitem l WHERE l.l_orderkey = o.o_orderkey ) > 100000
       |-- customer: EXISTS (     SELECT 1     FROM orders o     JOIN lineitem l           ON l.l_orderkey = o.o_orderkey     JOIN supplier s           ON s.s_suppkey = l.l_suppkey     JOIN nation ns           ON ns.n_nationkey = s.s_nationkey     JOIN nation nc           ON nc.n_nationkey = c.c_nationkey     WHERE o.o_custkey = c.c_custkey       AND ns.n_regionkey = nc.n_regionkey       AND ns.n_nationkey <> nc.n_nationkey )
       |-- lineitem: (     SELECT SUM(lx.l_extendedprice * (1 - lx.l_discount))     FROM lineitem lx     JOIN supplier sx ON sx.s_suppkey = lx.l_suppkey     WHERE sx.s_nationkey = n.n_nationkey ) > (     SELECT SUM(ly.l_extendedprice * (1 - ly.l_discount))     FROM lineitem ly     JOIN orders oy ON oy.o_orderkey = ly.l_orderkey     JOIN customer cy ON cy.c_custkey = oy.o_custkey     WHERE cy.c_nationkey = n.n_nationkey )
  [Q3] Secure Views Avg: 57.7577s

  -> [DEBUG] Firing Q4 (Secure Views). Active Predicates:
       |-- orders: ( SELECT SUM(l.l_extendedprice * (1 - l.l_discount)) FROM lineitem l WHERE l.l_orderkey = o.o_orderkey ) > 100000
       |-- lineitem: (     SELECT SUM(lx.l_extendedprice * (1 - lx.l_discount))     FROM lineitem lx     JOIN supplier sx ON sx.s_suppkey = lx.l_suppkey     WHERE sx.s_nationkey = n.n_nationkey ) > (     SELECT SUM(ly.l_extendedprice * (1 - ly.l_discount))     FROM lineitem ly     JOIN orders oy ON oy.o_orderkey = ly.l_orderkey     JOIN customer cy ON cy.c_custkey = oy.o_custkey     WHERE cy.c_nationkey = n.n_nationkey )
  [Q4] Secure Views Avg: 43.6334s

  -> [DEBUG] Firing Q5 (Secure Views). Active Predicates:
       |-- customer: EXISTS (     SELECT 1     FROM orders o     JOIN lineitem l           ON l.l_orderkey = o.o_orderkey     JOIN supplier s           ON s.s_suppkey = l.l_suppkey     JOIN nation ns           ON ns.n_nationkey = s.s_nationkey     JOIN nation nc           ON nc.n_nationkey = c.c_nationkey     WHERE o.o_custkey = c.c_custkey       AND ns.n_regionkey = nc.n_regionkey       AND ns.n_nationkey <> nc.n_nationkey )
       |-- supplier: NOT EXISTS (     SELECT 1     FROM partsupp ps     JOIN part p ON p.p_partkey = ps.ps_partkey     WHERE ps.ps_suppkey = s.s_suppkey       AND p.p_retailprice < 500 )
       |-- lineitem: (     SELECT SUM(lx.l_extendedprice * (1 - lx.l_discount))     FROM lineitem lx     JOIN supplier sx ON sx.s_suppkey = lx.l_suppkey     WHERE sx.s_nationkey = n.n_nationkey ) > (     SELECT SUM(ly.l_extendedprice * (1 - ly.l_discount))     FROM lineitem ly     JOIN orders oy ON oy.o_orderkey = ly.l_orderkey     JOIN customer cy ON cy.c_custkey = oy.o_custkey     WHERE cy.c_nationkey = n.n_nationkey )
       |-- orders: ( SELECT SUM(l.l_extendedprice * (1 - l.l_discount)) FROM lineitem l WHERE l.l_orderkey = o.o_orderkey ) > 100000
  [Q5] Secure Views Avg: 42.8918s

  -> [DEBUG] Firing Q6 (Secure Views). Active Predicates:
       |-- lineitem: (     SELECT SUM(lx.l_extendedprice * (1 - lx.l_discount))     FROM lineitem lx     JOIN supplier sx ON sx.s_suppkey = lx.l_suppkey     WHERE sx.s_nationkey = n.n_nationkey ) > (     SELECT SUM(ly.l_extendedprice * (1 - ly.l_discount))     FROM lineitem ly     JOIN orders oy ON oy.o_orderkey = ly.l_orderkey     JOIN customer cy ON cy.c_custkey = oy.o_custkey     WHERE cy.c_nationkey = n.n_nationkey )
  [Q6] Secure Views Avg: 31.3429s

  -> [DEBUG] Firing Q7 (Secure Views). Active Predicates:
       |-- customer: EXISTS (     SELECT 1     FROM orders o     JOIN lineitem l           ON l.l_orderkey = o.o_orderkey     JOIN supplier s           ON s.s_suppkey = l.l_suppkey     JOIN nation ns           ON ns.n_nationkey = s.s_nationkey     JOIN nation nc           ON nc.n_nationkey = c.c_nationkey     WHERE o.o_custkey = c.c_custkey       AND ns.n_regionkey = nc.n_regionkey       AND ns.n_nationkey <> nc.n_nationkey )
       |-- supplier: NOT EXISTS (     SELECT 1     FROM partsupp ps     JOIN part p ON p.p_partkey = ps.ps_partkey     WHERE ps.ps_suppkey = s.s_suppkey       AND p.p_retailprice < 500 )
       |-- lineitem: (     SELECT SUM(lx.l_extendedprice * (1 - lx.l_discount))     FROM lineitem lx     JOIN supplier sx ON sx.s_suppkey = lx.l_suppkey     WHERE sx.s_nationkey = n.n_nationkey ) > (     SELECT SUM(ly.l_extendedprice * (1 - ly.l_discount))     FROM lineitem ly     JOIN orders oy ON oy.o_orderkey = ly.l_orderkey     JOIN customer cy ON cy.c_custkey = oy.o_custkey     WHERE cy.c_nationkey = n.n_nationkey )
       |-- orders: ( SELECT SUM(l.l_extendedprice * (1 - l.l_discount)) FROM lineitem l WHERE l.l_orderkey = o.o_orderkey ) > 100000
  [Q7] Secure Views Avg: 44.4561s

  -> [DEBUG] Firing Q8 (Secure Views). Active Predicates:
       |-- customer: EXISTS (     SELECT 1     FROM orders o     JOIN lineitem l           ON l.l_orderkey = o.o_orderkey     JOIN supplier s           ON s.s_suppkey = l.l_suppkey     JOIN nation ns           ON ns.n_nationkey = s.s_nationkey     JOIN nation nc           ON nc.n_nationkey = c.c_nationkey     WHERE o.o_custkey = c.c_custkey       AND ns.n_regionkey = nc.n_regionkey       AND ns.n_nationkey <> nc.n_nationkey )
       |-- supplier: NOT EXISTS (     SELECT 1     FROM partsupp ps     JOIN part p ON p.p_partkey = ps.ps_partkey     WHERE ps.ps_suppkey = s.s_suppkey       AND p.p_retailprice < 500 )
       |-- lineitem: (     SELECT SUM(lx.l_extendedprice * (1 - lx.l_discount))     FROM lineitem lx     JOIN supplier sx ON sx.s_suppkey = lx.l_suppkey     WHERE sx.s_nationkey = n.n_nationkey ) > (     SELECT SUM(ly.l_extendedprice * (1 - ly.l_discount))     FROM lineitem ly     JOIN orders oy ON oy.o_orderkey = ly.l_orderkey     JOIN customer cy ON cy.c_custkey = oy.o_custkey     WHERE cy.c_nationkey = n.n_nationkey )
       |-- orders: ( SELECT SUM(l.l_extendedprice * (1 - l.l_discount)) FROM lineitem l WHERE l.l_orderkey = o.o_orderkey ) > 100000
       |-- part: NOT EXISTS (     SELECT 1     FROM lineitem l     WHERE l.l_partkey = p.p_partkey       AND l.l_quantity > 200 )
  [Q8] Secure Views Avg: 54.6218s

  -> [DEBUG] Firing Q9 (Secure Views). Active Predicates:
       |-- supplier: NOT EXISTS (     SELECT 1     FROM partsupp ps     JOIN part p ON p.p_partkey = ps.ps_partkey     WHERE ps.ps_suppkey = s.s_suppkey       AND p.p_retailprice < 500 )
       |-- lineitem: (     SELECT SUM(lx.l_extendedprice * (1 - lx.l_discount))     FROM lineitem lx     JOIN supplier sx ON sx.s_suppkey = lx.l_suppkey     WHERE sx.s_nationkey = n.n_nationkey ) > (     SELECT SUM(ly.l_extendedprice * (1 - ly.l_discount))     FROM lineitem ly     JOIN orders oy ON oy.o_orderkey = ly.l_orderkey     JOIN customer cy ON cy.c_custkey = oy.o_custkey     WHERE cy.c_nationkey = n.n_nationkey )
       |-- orders: ( SELECT SUM(l.l_extendedprice * (1 - l.l_discount)) FROM lineitem l WHERE l.l_orderkey = o.o_orderkey ) > 100000
       |-- part: NOT EXISTS (     SELECT 1     FROM lineitem l     WHERE l.l_partkey = p.p_partkey       AND l.l_quantity > 200 )
  [Q9] Secure Views Avg: 45.7375s

  -> [DEBUG] Firing Q10 (Secure Views). Active Predicates:
       |-- orders: ( SELECT SUM(l.l_extendedprice * (1 - l.l_discount)) FROM lineitem l WHERE l.l_orderkey = o.o_orderkey ) > 100000
       |-- customer: EXISTS (     SELECT 1     FROM orders o     JOIN lineitem l           ON l.l_orderkey = o.o_orderkey     JOIN supplier s           ON s.s_suppkey = l.l_suppkey     JOIN nation ns           ON ns.n_nationkey = s.s_nationkey     JOIN nation nc           ON nc.n_nationkey = c.c_nationkey     WHERE o.o_custkey = c.c_custkey       AND ns.n_regionkey = nc.n_regionkey       AND ns.n_nationkey <> nc.n_nationkey )
       |-- lineitem: (     SELECT SUM(lx.l_extendedprice * (1 - lx.l_discount))     FROM lineitem lx     JOIN supplier sx ON sx.s_suppkey = lx.l_suppkey     WHERE sx.s_nationkey = n.n_nationkey ) > (     SELECT SUM(ly.l_extendedprice * (1 - ly.l_discount))     FROM lineitem ly     JOIN orders oy ON oy.o_orderkey = ly.l_orderkey     JOIN customer cy ON cy.c_custkey = oy.o_custkey     WHERE cy.c_nationkey = n.n_nationkey )
  [Q10] Secure Views Avg: 45.3938s

  -> [DEBUG] Firing Q11 (Secure Views). Active Predicates:
       |-- supplier: NOT EXISTS (     SELECT 1     FROM partsupp ps     JOIN part p ON p.p_partkey = ps.ps_partkey     WHERE ps.ps_suppkey = s.s_suppkey       AND p.p_retailprice < 500 )
  [Q11] Secure Views Avg: 0.2536s

  -> [DEBUG] Firing Q12 (Secure Views). Active Predicates:
       |-- orders: ( SELECT SUM(l.l_extendedprice * (1 - l.l_discount)) FROM lineitem l WHERE l.l_orderkey = o.o_orderkey ) > 100000
       |-- lineitem: (     SELECT SUM(lx.l_extendedprice * (1 - lx.l_discount))     FROM lineitem lx     JOIN supplier sx ON sx.s_suppkey = lx.l_suppkey     WHERE sx.s_nationkey = n.n_nationkey ) > (     SELECT SUM(ly.l_extendedprice * (1 - ly.l_discount))     FROM lineitem ly     JOIN orders oy ON oy.o_orderkey = ly.l_orderkey     JOIN customer cy ON cy.c_custkey = oy.o_custkey     WHERE cy.c_nationkey = n.n_nationkey )
  [Q12] Secure Views Avg: 43.2094s

  -> [DEBUG] Firing Q13 (Secure Views). Active Predicates:
       |-- orders: ( SELECT SUM(l.l_extendedprice * (1 - l.l_discount)) FROM lineitem l WHERE l.l_orderkey = o.o_orderkey ) > 100000
       |-- customer: EXISTS (     SELECT 1     FROM orders o     JOIN lineitem l           ON l.l_orderkey = o.o_orderkey     JOIN supplier s           ON s.s_suppkey = l.l_suppkey     JOIN nation ns           ON ns.n_nationkey = s.s_nationkey     JOIN nation nc           ON nc.n_nationkey = c.c_nationkey     WHERE o.o_custkey = c.c_custkey       AND ns.n_regionkey = nc.n_regionkey       AND ns.n_nationkey <> nc.n_nationkey )
  [Q13] Secure Views Avg: 20.2328s

  -> [DEBUG] Firing Q14 (Secure Views). Active Predicates:
       |-- lineitem: (     SELECT SUM(lx.l_extendedprice * (1 - lx.l_discount))     FROM lineitem lx     JOIN supplier sx ON sx.s_suppkey = lx.l_suppkey     WHERE sx.s_nationkey = n.n_nationkey ) > (     SELECT SUM(ly.l_extendedprice * (1 - ly.l_discount))     FROM lineitem ly     JOIN orders oy ON oy.o_orderkey = ly.l_orderkey     JOIN customer cy ON cy.c_custkey = oy.o_custkey     WHERE cy.c_nationkey = n.n_nationkey )
       |-- part: NOT EXISTS (     SELECT 1     FROM lineitem l     WHERE l.l_partkey = p.p_partkey       AND l.l_quantity > 200 )
  [Q14] Secure Views Avg: 32.1706s

  -> [DEBUG] Firing Q15 (Secure Views). Active Predicates:
       |-- supplier: NOT EXISTS (     SELECT 1     FROM partsupp ps     JOIN part p ON p.p_partkey = ps.ps_partkey     WHERE ps.ps_suppkey = s.s_suppkey       AND p.p_retailprice < 500 )
       |-- lineitem: (     SELECT SUM(lx.l_extendedprice * (1 - lx.l_discount))     FROM lineitem lx     JOIN supplier sx ON sx.s_suppkey = lx.l_suppkey     WHERE sx.s_nationkey = n.n_nationkey ) > (     SELECT SUM(ly.l_extendedprice * (1 - ly.l_discount))     FROM lineitem ly     JOIN orders oy ON oy.o_orderkey = ly.l_orderkey     JOIN customer cy ON cy.c_custkey = oy.o_custkey     WHERE cy.c_nationkey = n.n_nationkey )
  [Q15] Secure Views Avg: 31.5907s

  -> [DEBUG] Firing Q16 (Secure Views). Active Predicates:
       |-- customer: EXISTS (     SELECT 1     FROM orders o     JOIN lineitem l           ON l.l_orderkey = o.o_orderkey     JOIN supplier s           ON s.s_suppkey = l.l_suppkey     JOIN nation ns           ON ns.n_nationkey = s.s_nationkey     JOIN nation nc           ON nc.n_nationkey = c.c_nationkey     WHERE o.o_custkey = c.c_custkey       AND ns.n_regionkey = nc.n_regionkey       AND ns.n_nationkey <> nc.n_nationkey )
       |-- supplier: NOT EXISTS (     SELECT 1     FROM partsupp ps     JOIN part p ON p.p_partkey = ps.ps_partkey     WHERE ps.ps_suppkey = s.s_suppkey       AND p.p_retailprice < 500 )
       |-- part: NOT EXISTS (     SELECT 1     FROM lineitem l     WHERE l.l_partkey = p.p_partkey       AND l.l_quantity > 200 )
  [Q16] Secure Views Avg: 0.3660s

  -> [DEBUG] Firing Q17 (Secure Views). Active Predicates:
       |-- lineitem: (     SELECT SUM(lx.l_extendedprice * (1 - lx.l_discount))     FROM lineitem lx     JOIN supplier sx ON sx.s_suppkey = lx.l_suppkey     WHERE sx.s_nationkey = n.n_nationkey ) > (     SELECT SUM(ly.l_extendedprice * (1 - ly.l_discount))     FROM lineitem ly     JOIN orders oy ON oy.o_orderkey = ly.l_orderkey     JOIN customer cy ON cy.c_custkey = oy.o_custkey     WHERE cy.c_nationkey = n.n_nationkey )
       |-- part: NOT EXISTS (     SELECT 1     FROM lineitem l     WHERE l.l_partkey = p.p_partkey       AND l.l_quantity > 200 )
  [Q17] Secure Views Avg: TIMEOUT

  -> [DEBUG] Firing Q18 (Secure Views). Active Predicates:
       |-- orders: ( SELECT SUM(l.l_extendedprice * (1 - l.l_discount)) FROM lineitem l WHERE l.l_orderkey = o.o_orderkey ) > 100000
       |-- customer: EXISTS (     SELECT 1     FROM orders o     JOIN lineitem l           ON l.l_orderkey = o.o_orderkey     JOIN supplier s           ON s.s_suppkey = l.l_suppkey     JOIN nation ns           ON ns.n_nationkey = s.s_nationkey     JOIN nation nc           ON nc.n_nationkey = c.c_nationkey     WHERE o.o_custkey = c.c_custkey       AND ns.n_regionkey = nc.n_regionkey       AND ns.n_nationkey <> nc.n_nationkey )
       |-- lineitem: (     SELECT SUM(lx.l_extendedprice * (1 - lx.l_discount))     FROM lineitem lx     JOIN supplier sx ON sx.s_suppkey = lx.l_suppkey     WHERE sx.s_nationkey = n.n_nationkey ) > (     SELECT SUM(ly.l_extendedprice * (1 - ly.l_discount))     FROM lineitem ly     JOIN orders oy ON oy.o_orderkey = ly.l_orderkey     JOIN customer cy ON cy.c_custkey = oy.o_custkey     WHERE cy.c_nationkey = n.n_nationkey )
  [Q18] Secure Views Avg: 75.5976s

  -> [DEBUG] Firing Q19 (Secure Views). Active Predicates:
       |-- lineitem: (     SELECT SUM(lx.l_extendedprice * (1 - lx.l_discount))     FROM lineitem lx     JOIN supplier sx ON sx.s_suppkey = lx.l_suppkey     WHERE sx.s_nationkey = n.n_nationkey ) > (     SELECT SUM(ly.l_extendedprice * (1 - ly.l_discount))     FROM lineitem ly     JOIN orders oy ON oy.o_orderkey = ly.l_orderkey     JOIN customer cy ON cy.c_custkey = oy.o_custkey     WHERE cy.c_nationkey = n.n_nationkey )
       |-- part: NOT EXISTS (     SELECT 1     FROM lineitem l     WHERE l.l_partkey = p.p_partkey       AND l.l_quantity > 200 )
  [Q19] Secure Views Avg: 31.4309s

  -> [DEBUG] Firing Q20 (Secure Views). Active Predicates:
       |-- supplier: NOT EXISTS (     SELECT 1     FROM partsupp ps     JOIN part p ON p.p_partkey = ps.ps_partkey     WHERE ps.ps_suppkey = s.s_suppkey       AND p.p_retailprice < 500 )
       |-- lineitem: (     SELECT SUM(lx.l_extendedprice * (1 - lx.l_discount))     FROM lineitem lx     JOIN supplier sx ON sx.s_suppkey = lx.l_suppkey     WHERE sx.s_nationkey = n.n_nationkey ) > (     SELECT SUM(ly.l_extendedprice * (1 - ly.l_discount))     FROM lineitem ly     JOIN orders oy ON oy.o_orderkey = ly.l_orderkey     JOIN customer cy ON cy.c_custkey = oy.o_custkey     WHERE cy.c_nationkey = n.n_nationkey )
       |-- part: NOT EXISTS (     SELECT 1     FROM lineitem l     WHERE l.l_partkey = p.p_partkey       AND l.l_quantity > 200 )
  [Q20] Secure Views Avg: TIMEOUT

  -> [DEBUG] Firing Q21 (Secure Views). Active Predicates:
       |-- orders: ( SELECT SUM(l.l_extendedprice * (1 - l.l_discount)) FROM lineitem l WHERE l.l_orderkey = o.o_orderkey ) > 100000
       |-- supplier: NOT EXISTS (     SELECT 1     FROM partsupp ps     JOIN part p ON p.p_partkey = ps.ps_partkey     WHERE ps.ps_suppkey = s.s_suppkey       AND p.p_retailprice < 500 )
       |-- lineitem: (     SELECT SUM(lx.l_extendedprice * (1 - lx.l_discount))     FROM lineitem lx     JOIN supplier sx ON sx.s_suppkey = lx.l_suppkey     WHERE sx.s_nationkey = n.n_nationkey ) > (     SELECT SUM(ly.l_extendedprice * (1 - ly.l_discount))     FROM lineitem ly     JOIN orders oy ON oy.o_orderkey = ly.l_orderkey     JOIN customer cy ON cy.c_custkey = oy.o_custkey     WHERE cy.c_nationkey = n.n_nationkey )
  [Q21] Secure Views Avg: TIMEOUT

  -> [DEBUG] Firing Q22 (Secure Views). Active Predicates:
       |-- orders: ( SELECT SUM(l.l_extendedprice * (1 - l.l_discount)) FROM lineitem l WHERE l.l_orderkey = o.o_orderkey ) > 100000
       |-- customer: EXISTS (     SELECT 1     FROM orders o     JOIN lineitem l           ON l.l_orderkey = o.o_orderkey     JOIN supplier s           ON s.s_suppkey = l.l_suppkey     JOIN nation ns           ON ns.n_nationkey = s.s_nationkey     JOIN nation nc           ON nc.n_nationkey = c.c_nationkey     WHERE o.o_custkey = c.c_custkey       AND ns.n_regionkey = nc.n_regionkey       AND ns.n_nationkey <> nc.n_nationkey )
  [Q22] Secure Views Avg: 12.8630s


Saved as postgres_exp2_clean_4P.png
